../Drivers/CMSIS/Include/core_cm4.h:2064:26:ITM_SendChar	16	static,ignoring_inline_asm
../Core/Src/main.c:86:5:main	8	static
../Core/Src/main.c:160:6:SystemClock_Config	88	static
../Core/Src/main.c:205:6:PeriphCommonClock_Config	32	static
../Core/Src/main.c:226:13:MX_I2C1_Init	8	static
../Core/Src/main.c:260:13:MX_I2S2_Init	8	static
../Core/Src/main.c:294:13:MX_I2S3_Init	8	static
../Core/Src/main.c:328:13:MX_SPI1_Init	8	static
../Core/Src/main.c:366:13:MX_GPIO_Init	56	static
../Core/Src/main.c:456:6:image_filter	56	static
../Core/Src/main.c:481:6:image_filter2	56	static
../Core/Src/main.c:507:6:unrolled_image_filter	40	static
../Core/Src/main.c:541:6:optimized_image_filter	56	static,ignoring_inline_asm
../Core/Src/main.c:574:5:_write	32	static
../Core/Src/main.c:587:6:Error_Handler	4	static,ignoring_inline_asm
