../Drivers/CMSIS/Include/core_cm4.h:2064:26:ITM_SendChar	16	static,ignoring_inline_asm
../Core/Src/main.c:90:5:main	24	static
../Core/Src/main.c:166:6:SystemClock_Config	88	static
../Core/Src/main.c:210:6:PeriphCommonClock_Config	32	static
../Core/Src/main.c:231:13:MX_I2C1_Init	8	static
../Core/Src/main.c:264:13:MX_I2S2_Init	8	static
../Core/Src/main.c:297:13:MX_I2S3_Init	8	static
../Core/Src/main.c:330:13:MX_SPI1_Init	8	static
../Core/Src/main.c:367:13:MX_GPIO_Init	56	static
../Core/Src/main.c:455:6:image_filter	40	static
../Core/Src/main.c:485:6:optimized_image_filter	32	static
../Core/Src/main.c:523:5:_write	32	static
../Core/Src/main.c:538:6:Error_Handler	4	static,ignoring_inline_asm
