../Drivers/CMSIS/Include/core_cm4.h:2064:26:ITM_SendChar	16	static,ignoring_inline_asm
../Core/Src/frameprocessing_3taps.c:94:5:main	8	static
../Core/Src/frameprocessing_3taps.c:231:13:SystemClock_Config	88	static
../Core/Src/frameprocessing_3taps.c:277:6:HAL_GPIO_EXTI_Callback	16	static
../Core/Src/frameprocessing_3taps.c:291:6:Toggle_Leds	8	static
../Core/Src/frameprocessing_3taps.c:305:6:HAL_TIM_PeriodElapsedCallback	16	static
../Core/Src/frameprocessing_3taps.c:331:5:_write	32	static
../Core/Src/frameprocessing_3taps.c:345:6:Error_Handler	8	static
../Core/Src/frameprocessing_3taps.c:354:13:GPIOA_Init	32	static
../Core/Src/frameprocessing_3taps.c:366:16:ProcessSample	32	static
../Core/Src/frameprocessing_3taps.c:399:19:ProcessBlock	24	static
