../Drivers/CMSIS/Include/core_cm4.h:2064:26:ITM_SendChar	16	static,ignoring_inline_asm
../Core/Src/main.c:123:5:main	8	static
../Core/Src/main.c:260:13:SystemClock_Config	88	static
../Core/Src/main.c:306:6:HAL_GPIO_EXTI_Callback	16	static
../Core/Src/main.c:320:6:Toggle_Leds	8	static
../Core/Src/main.c:334:6:HAL_TIM_PeriodElapsedCallback	16	static
../Core/Src/main.c:361:5:_write	32	static
../Core/Src/main.c:375:6:Error_Handler	8	static
../Core/Src/main.c:384:13:GPIOA_Init	32	static
../Core/Src/main.c:396:16:ProcessSample	32	static
../Core/Src/main.c:426:16:ProcessSampleCircular	32	static
../Core/Src/main.c:460:19:ProcessBlock	24	static
