../Drivers/CMSIS/Include/core_cm4.h:2064:26:ITM_SendChar	16	static,ignoring_inline_asm
../Core/Src/main.c:211:5:main	8	static
../Core/Src/main.c:401:13:SystemClock_Config	88	static
../Core/Src/main.c:447:6:HAL_GPIO_EXTI_Callback	16	static
../Core/Src/main.c:461:6:Toggle_Leds	8	static
../Core/Src/main.c:475:6:HAL_TIM_PeriodElapsedCallback	16	static
../Core/Src/main.c:502:5:_write	32	static
../Core/Src/main.c:516:6:Error_Handler	8	static
../Core/Src/main.c:525:13:GPIOA_Init	32	static
../Core/Src/main.c:537:16:ProcessSample	32	static
../Core/Src/main.c:567:16:ProcessSampleCircular	32	static
../Core/Src/main.c:604:16:ProcessSampleCircular2	32	static,ignoring_inline_asm
../Core/Src/main.c:646:13:ProcessBlock	56	static
../Core/Src/main.c:699:13:ProcessBlock2	56	static,ignoring_inline_asm
../Core/Src/main.c:761:13:RunTestMode	152	static
