16:06:23 **** Incremental Build of configuration Debug for project part2_filter_kernel ****
make -j8 all 
arm-none-eabi-gcc "../Core/Src/main.c" -mcpu=cortex-m4 -std=gnu11 -g3 -DDEBUG -DUSE_HAL_DRIVER -DSTM32F411xE -c -I../Core/Inc -I../Drivers/STM32F4xx_HAL_Driver/Inc -I../Drivers/STM32F4xx_HAL_Driver/Inc/Legacy -I../Drivers/CMSIS/Device/ST/STM32F4xx/Include -I../Drivers/CMSIS/Include -O0 -ffunction-sections -fdata-sections -Wall -fstack-usage -fcyclomatic-complexity -MMD -MP -MF"Core/Src/main.d" -MT"Core/Src/main.o" --specs=nano.specs -mfpu=fpv4-sp-d16 -mfloat-abi=hard -mthumb -o "Core/Src/main.o"
arm-none-eabi-gcc -o "part2_filter_kernel.elf" @"objects.list"   -mcpu=cortex-m4 -T"C:\School\4th Year\2nd Semester\ENCM 515\ENCM-515-Project\part2\part2_filter_kernel\STM32F411VETX_FLASH.ld" --specs=nosys.specs -Wl,-Map="part2_filter_kernel.map" -Wl,--gc-sections -static --specs=nano.specs -mfpu=fpv4-sp-d16 -mfloat-abi=hard -mthumb -Wl,--start-group -lc -lm -Wl,--end-group
Finished building target: part2_filter_kernel.elf
 
arm-none-eabi-size  part2_filter_kernel.elf 
arm-none-eabi-objdump -h -S part2_filter_kernel.elf  > "part2_filter_kernel.list"
   text	   data	    bss	    dec	    hex	filename
  13384	     40	   1920	  15344	   3bf0	part2_filter_kernel.elf
Finished building: default.size.stdout
 
Finished building: part2_filter_kernel.list
 

16:06:24 Build Finished. 0 errors, 0 warnings. (took 1s.236ms)

